// Jest Snapshot v1, https://goo.gl/fbAQLP

exports[`Invoice should render 1`] = `
Array [
  <InvoiceTable
    key="1"
    order={
      Object {
        "_id": "1",
        "items": Array [
          Object {
            "_id": "1",
            "order": "1",
            "price": 64,
            "product": Object {
              "_id": "1",
              "name": "Test T-shirt",
              "price": 32,
            },
            "quantity": 2,
          },
          Object {
            "_id": "2",
            "order": "1",
            "price": 150,
            "product": Object {
              "_id": "2",
              "name": "Test Jeans",
              "price": 75,
            },
            "quantity": 2,
          },
        ],
        "subTotalPrice": 214,
        "taxPrice": 10.7,
        "totalPrice": 224.7,
      }
    }
    products={
      Array [
        Object {
          "_id": "1",
          "name": "Test T-shirt",
          "price": 32,
        },
        Object {
          "_id": "2",
          "name": "Test Jeans",
          "price": 75,
        },
      ]
    }
  />,
  <CalculatedTotal
    items={
      Array [
        Object {
          "_id": "1",
          "order": "1",
          "price": 64,
          "product": Object {
            "_id": "1",
            "name": "Test T-shirt",
            "price": 32,
          },
          "quantity": 2,
        },
        Object {
          "_id": "2",
          "order": "1",
          "price": 150,
          "product": Object {
            "_id": "2",
            "name": "Test Jeans",
            "price": 75,
          },
          "quantity": 2,
        },
      ]
    }
    key="2"
    taxPercent={5}
  />,
]
`;
